For 1 cent, I can give you the following:
* 1 penny
