For 10 cents, I can give you the following:
* 1 dime
* 2 nickels
* 5 pennies, 1 nickel
* 10 pennies
