For 11 cents, I can give you the following:
* 1 penny, 1 dime
* 1 penny, 2 nickels
* 1 nickel, 6 pennies
* 11 pennies
