For 12 cents, I can give you the following:
* 2 pennies, 1 dime
* 2 pennies, 2 nickels
* 1 nickel, 7 pennies
* 12 pennies
