For 13 cents, I can give you the following:
* 3 pennies, 1 dime
* 3 pennies, 2 nickels
* 1 nickel, 8 pennies
* 13 pennies
