For 14 cents, I can give you the following:
* 4 pennies, 1 dime
* 4 pennies, 2 nickels
* 1 nickel, 9 pennies
* 14 pennies
