For 15 cents, I can give you the following:
* 1 nickel, 1 dime
* 3 nickels
* 5 pennies, 1 dime
* 5 pennies, 2 nickels
* 1 nickel, 10 pennies
* 15 pennies
