For 16 cents, I can give you the following:
* 1 penny, 1 nickel, 1 dime
* 1 penny, 3 nickels
* 6 pennies, 1 dime
* 6 pennies, 2 nickels
* 1 nickel, 11 pennies
* 16 pennies
