For 17 cents, I can give you the following:
* 2 pennies, 1 nickel, 1 dime
* 2 pennies, 3 nickels
* 7 pennies, 1 dime
* 7 pennies, 2 nickels
* 1 nickel, 12 pennies
* 17 pennies
