For 18 cents, I can give you the following:
* 3 pennies, 1 nickel, 1 dime
* 3 pennies, 3 nickels
* 8 pennies, 1 dime
* 8 pennies, 2 nickels
* 1 nickel, 13 pennies
* 18 pennies
