For 19 cents, I can give you the following:
* 4 pennies, 1 nickel, 1 dime
* 4 pennies, 3 nickels
* 9 pennies, 1 dime
* 9 pennies, 2 nickels
* 1 nickel, 14 pennies
* 19 pennies
