For 2 cents, I can give you the following:
* 2 pennies
