For 20 cents, I can give you the following:
* 2 dimes
* 2 nickels, 1 dime
* 4 nickels
* 5 pennies, 1 nickel, 1 dime
* 5 pennies, 3 nickels
* 10 pennies, 1 dime
* 10 pennies, 2 nickels
* 1 nickel, 15 pennies
* 20 pennies
