For 21 cents, I can give you the following:
* 1 penny, 2 dimes
* 1 penny, 2 nickels, 1 dime
* 1 penny, 4 nickels
* 1 nickel, 6 pennies, 1 dime
* 6 pennies, 3 nickels
* 1 dime, 11 pennies
* 2 nickels, 11 pennies
* 1 nickel, 16 pennies
* 21 pennies
