For 22 cents, I can give you the following:
* 2 pennies, 2 dimes
* 2 pennies, 2 nickels, 1 dime
* 2 pennies, 4 nickels
* 1 nickel, 7 pennies, 1 dime
* 7 pennies, 3 nickels
* 1 dime, 12 pennies
* 2 nickels, 12 pennies
* 1 nickel, 17 pennies
* 22 pennies
