For 23 cents, I can give you the following:
* 3 pennies, 2 dimes
* 3 pennies, 2 nickels, 1 dime
* 3 pennies, 4 nickels
* 1 nickel, 8 pennies, 1 dime
* 8 pennies, 3 nickels
* 1 dime, 13 pennies
* 2 nickels, 13 pennies
* 1 nickel, 18 pennies
* 23 pennies
