For 24 cents, I can give you the following:
* 4 pennies, 2 dimes
* 4 pennies, 2 nickels, 1 dime
* 4 pennies, 4 nickels
* 1 nickel, 9 pennies, 1 dime
* 9 pennies, 3 nickels
* 1 dime, 14 pennies
* 2 nickels, 14 pennies
* 1 nickel, 19 pennies
* 24 pennies
