For 25 cents, I can give you the following:
* 1 quarter
* 1 nickel, 2 dimes
* 1 dime, 3 nickels
* 5 nickels
* 5 pennies, 2 dimes
* 5 pennies, 2 nickels, 1 dime
* 5 pennies, 4 nickels
* 1 nickel, 10 pennies, 1 dime
* 10 pennies, 3 nickels
* 1 dime, 15 pennies
* 2 nickels, 15 pennies
* 1 nickel, 20 pennies
* 25 pennies
