For 26 cents, I can give you the following:
* 1 penny, 1 quarter
* 1 penny, 1 nickel, 2 dimes
* 1 penny, 1 dime, 3 nickels
* 1 penny, 5 nickels
* 6 pennies, 2 dimes
* 6 pennies, 2 nickels, 1 dime
* 6 pennies, 4 nickels
* 1 nickel, 1 dime, 11 pennies
* 11 pennies, 3 nickels
* 1 dime, 16 pennies
* 2 nickels, 16 pennies
* 1 nickel, 21 pennies
* 26 pennies
