For 27 cents, I can give you the following:
* 2 pennies, 1 quarter
* 2 pennies, 1 nickel, 2 dimes
* 2 pennies, 1 dime, 3 nickels
* 2 pennies, 5 nickels
* 7 pennies, 2 dimes
* 7 pennies, 2 nickels, 1 dime
* 7 pennies, 4 nickels
* 1 nickel, 1 dime, 12 pennies
* 12 pennies, 3 nickels
* 1 dime, 17 pennies
* 2 nickels, 17 pennies
* 1 nickel, 22 pennies
* 27 pennies
