For 3 cents, I can give you the following:
* 3 pennies
