For 4 cents, I can give you the following:
* 4 pennies
