For 5 cents, I can give you the following:
* 1 nickel
* 5 pennies
