For 6 cents, I can give you the following:
* 1 penny, 1 nickel
* 6 pennies
