For 7 cents, I can give you the following:
* 2 pennies, 1 nickel
* 7 pennies
