For 8 cents, I can give you the following:
* 3 pennies, 1 nickel
* 8 pennies
