For 9 cents, I can give you the following:
* 4 pennies, 1 nickel
* 9 pennies
